// Jest Snapshot v1, https://goo.gl/fbAQLP

exports[`HiddenMessage #render should render as expected as snapshot 1`] = `
<div>
  <label
    htmlFor="toggle"
  >
    Show Message
  </label>
  <input
    checked={false}
    id="toggle"
    onChange={[Function]}
    type="checkbox"
  />
</div>
`;
